*** Using Compiler 'V5.06 update 5 (build 528)', folder: 'E:\Keil5\ARM\ARMCC\Bin'
Rebuild target 'Worm7_Locked'
assembling startup_stm32f103xb.s...
compiling stm32f1xx_hal_gpio.c...
compiling stm32f1xx_hal.c...
compiling stm32f1xx_hal_pwr.c...
compiling system_stm32f1xx.c...
compiling stm32f1xx_hal_dma.c...
compiling stm32f1xx_hal_gpio_ex.c...
compiling stm32f1xx_hal_cortex.c...
compiling stm32f1xx_hal_flash_ex.c...
compiling stm32f1xx_hal_iwdg.c...
compiling stm32f1xx_hal_flash.c...
compiling stm32f1xx_hal_rcc.c...
compiling Command.c...
compiling Pneumatic.c...
compiling Robot.c...
compiling stm32f1xx_hal_rcc_ex.c...
compiling Board.c...
compiling main.c...
compiling stm32f1xx_it.c...
compiling System.c...
compiling Serial.c...
compiling stm32f1xx_hal_uart.c...
linking...
Program Size: Code=8480 RO-data=532 RW-data=24 ZI-data=1304  
FromELF: creating hex file...
".\Objects\Worm7_Locked\Worm7_Locked.axf" - 0 Error(s), 0 Warning(s).
Build Time Elapsed:  00:00:05
